// Jest Snapshot v1, https://goo.gl/fbAQLP

exports[`Icon.tsx render successful 1`] = `
<svg
  className="bui-icon"
>
  <use
    xlinkHref="#setting"
  />
</svg>
`;
