// Jest Snapshot v1, https://goo.gl/fbAQLP

exports[`Button.tsx 第一个测试用例 1`] = `
<div>
   按钮 
</div>
`;
